149
55686 94879 99904 97642 65585 94419 43661 85670 97780 99303 97786 25958 33198 15648 54510 84197 25068 56772 14436 43257 55679 51921 3430 91560 92944 98032 97115 59357 50133 55350 36754 88116 48453 1126 77225 75280 90518 76547 59088 94458 97528 65098 47240 22361 47324 4418 13408 33967 21479 62142 76178 93130 89129 78477 60275 91605 91673 88053 90959 83038 87158 97443 82310 85201 99054 93174 38537 55312 83296 75160 23829 38320 98710 80177 90916 53119 90988 78380 6696 13873 2851 94047 93055 97898 98976 89762 83908 55544 55026 31318 88739 81654 70661 74920 69288 66599 68153 69127 95371 84724 83465 40488 18254 8988 37217 40326 47818 13461 45705 50300 50510 42941 76439 80962 83946 87397 95135 84471 84650 84163 47430 69896 73434 81874 86078 43584 18922 72016 48859 43233 63595 77290 2318 19589 9708 76231 96558 76379 89830 78899 51714 76770 77754 57670 57056 64770 29257 43423 55686 
