37
81592 90477 62561 88483 34412 150 92244 92554 78095 80012 57679 62327 31900 38734 68343 85264 27554 16350 96731 81542 36156 88530 78990 42625 31642 52443 55645 27733 17447 68175 84607 15503 85585 84663 61841 8661 81592 
